Archive member included to satisfy reference by file (symbol)

c:/ac6/systemworkbench/plugins/fr.ac6.mcu.externaltools.arm-none.win32_1.16.0.201807130628/tools/compiler/bin/../lib/gcc/arm-none-eabi/7.2.1/thumb/v7e-m/fpv4-sp/hard\libgcc.a(_aeabi_uldivmod.o)
                              Drivers/STM32F4xx_HAL_Driver/Src/stm32f4xx_hal_rcc.o (__aeabi_uldivmod)
c:/ac6/systemworkbench/plugins/fr.ac6.mcu.externaltools.arm-none.win32_1.16.0.201807130628/tools/compiler/bin/../lib/gcc/arm-none-eabi/7.2.1/thumb/v7e-m/fpv4-sp/hard\libgcc.a(_udivmoddi4.o)
                              c:/ac6/systemworkbench/plugins/fr.ac6.mcu.externaltools.arm-none.win32_1.16.0.201807130628/tools/compiler/bin/../lib/gcc/arm-none-eabi/7.2.1/thumb/v7e-m/fpv4-sp/hard\libgcc.a(_aeabi_uldivmod.o) (__udivmoddi4)
c:/ac6/systemworkbench/plugins/fr.ac6.mcu.externaltools.arm-none.win32_1.16.0.201807130628/tools/compiler/bin/../lib/gcc/arm-none-eabi/7.2.1/thumb/v7e-m/fpv4-sp/hard\libgcc.a(_dvmd_tls.o)
                              c:/ac6/systemworkbench/plugins/fr.ac6.mcu.externaltools.arm-none.win32_1.16.0.201807130628/tools/compiler/bin/../lib/gcc/arm-none-eabi/7.2.1/thumb/v7e-m/fpv4-sp/hard\libgcc.a(_aeabi_uldivmod.o) (__aeabi_ldiv0)
c:/ac6/systemworkbench/plugins/fr.ac6.mcu.externaltools.arm-none.win32_1.16.0.201807130628/tools/compiler/bin/../lib/gcc/arm-none-eabi/7.2.1/../../../../arm-none-eabi/lib/thumb/v7e-m/fpv4-sp/hard\libc_nano.a(lib_a-exit.o)
                              c:/ac6/systemworkbench/plugins/fr.ac6.mcu.externaltools.arm-none.win32_1.16.0.201807130628/tools/compiler/bin/../lib/gcc/arm-none-eabi/7.2.1/../../../../arm-none-eabi/lib/thumb/v7e-m/fpv4-sp/hard/crt0.o (exit)
c:/ac6/systemworkbench/plugins/fr.ac6.mcu.externaltools.arm-none.win32_1.16.0.201807130628/tools/compiler/bin/../lib/gcc/arm-none-eabi/7.2.1/../../../../arm-none-eabi/lib/thumb/v7e-m/fpv4-sp/hard\libc_nano.a(lib_a-impure.o)
                              c:/ac6/systemworkbench/plugins/fr.ac6.mcu.externaltools.arm-none.win32_1.16.0.201807130628/tools/compiler/bin/../lib/gcc/arm-none-eabi/7.2.1/../../../../arm-none-eabi/lib/thumb/v7e-m/fpv4-sp/hard\libc_nano.a(lib_a-exit.o) (_global_impure_ptr)
c:/ac6/systemworkbench/plugins/fr.ac6.mcu.externaltools.arm-none.win32_1.16.0.201807130628/tools/compiler/bin/../lib/gcc/arm-none-eabi/7.2.1/../../../../arm-none-eabi/lib/thumb/v7e-m/fpv4-sp/hard\libc_nano.a(lib_a-init.o)
                              c:/ac6/systemworkbench/plugins/fr.ac6.mcu.externaltools.arm-none.win32_1.16.0.201807130628/tools/compiler/bin/../lib/gcc/arm-none-eabi/7.2.1/../../../../arm-none-eabi/lib/thumb/v7e-m/fpv4-sp/hard/crt0.o (__libc_init_array)
c:/ac6/systemworkbench/plugins/fr.ac6.mcu.externaltools.arm-none.win32_1.16.0.201807130628/tools/compiler/bin/../lib/gcc/arm-none-eabi/7.2.1/../../../../arm-none-eabi/lib/thumb/v7e-m/fpv4-sp/hard\libc_nano.a(lib_a-memset.o)
                              c:/ac6/systemworkbench/plugins/fr.ac6.mcu.externaltools.arm-none.win32_1.16.0.201807130628/tools/compiler/bin/../lib/gcc/arm-none-eabi/7.2.1/../../../../arm-none-eabi/lib/thumb/v7e-m/fpv4-sp/hard/crt0.o (memset)
c:/ac6/systemworkbench/plugins/fr.ac6.mcu.externaltools.arm-none.win32_1.16.0.201807130628/tools/compiler/bin/../lib/gcc/arm-none-eabi/7.2.1/../../../../arm-none-eabi/lib/thumb/v7e-m/fpv4-sp/hard\libc_nano.a(lib_a-strcmp.o)
                              Src/stm32f4xx_it.o (strcmp)
c:/ac6/systemworkbench/plugins/fr.ac6.mcu.externaltools.arm-none.win32_1.16.0.201807130628/tools/compiler/bin/../lib/gcc/arm-none-eabi/7.2.1/../../../../arm-none-eabi/lib/thumb/v7e-m/fpv4-sp/hard\libnosys.a(_exit.o)
                              c:/ac6/systemworkbench/plugins/fr.ac6.mcu.externaltools.arm-none.win32_1.16.0.201807130628/tools/compiler/bin/../lib/gcc/arm-none-eabi/7.2.1/../../../../arm-none-eabi/lib/thumb/v7e-m/fpv4-sp/hard\libc_nano.a(lib_a-exit.o) (_exit)

Allocating common symbols
Common symbol       size              file

uwTick              0x4               Drivers/STM32F4xx_HAL_Driver/Src/stm32f4xx_hal.o
pFlash              0x20              Drivers/STM32F4xx_HAL_Driver/Src/stm32f4xx_hal_flash.o

Discarded input sections

 .text          0x00000000        0x0 c:/ac6/systemworkbench/plugins/fr.ac6.mcu.externaltools.arm-none.win32_1.16.0.201807130628/tools/compiler/bin/../lib/gcc/arm-none-eabi/7.2.1/thumb/v7e-m/fpv4-sp/hard/crti.o
 .data          0x00000000        0x0 c:/ac6/systemworkbench/plugins/fr.ac6.mcu.externaltools.arm-none.win32_1.16.0.201807130628/tools/compiler/bin/../lib/gcc/arm-none-eabi/7.2.1/thumb/v7e-m/fpv4-sp/hard/crti.o
 .bss           0x00000000        0x0 c:/ac6/systemworkbench/plugins/fr.ac6.mcu.externaltools.arm-none.win32_1.16.0.201807130628/tools/compiler/bin/../lib/gcc/arm-none-eabi/7.2.1/thumb/v7e-m/fpv4-sp/hard/crti.o
 .data          0x00000000        0x4 c:/ac6/systemworkbench/plugins/fr.ac6.mcu.externaltools.arm-none.win32_1.16.0.201807130628/tools/compiler/bin/../lib/gcc/arm-none-eabi/7.2.1/thumb/v7e-m/fpv4-sp/hard/crtbegin.o
[...]
Memory Configuration

Name             Origin             Length             Attributes
RAM              0x20000000         0x00030000         xrw
CCMRAM           0x10000000         0x00010000         rw
FLASH            0x08000000         0x00200000         xr
*default*        0x00000000         0xffffffff

Linker script and memory map

LOAD c:/ac6/systemworkbench/plugins/fr.ac6.mcu.externaltools.arm-none.win32_1.16.0.201807130628/tools/compiler/bin/../lib/gcc/arm-none-eabi/7.2.1/thumb/v7e-m/fpv4-sp/hard/crti.o
LOAD c:/ac6/systemworkbench/plugins/fr.ac6.mcu.externaltools.arm-none.win32_1.16.0.201807130628/tools/compiler/bin/../lib/gcc/arm-none-eabi/7.2.1/thumb/v7e-m/fpv4-sp/hard/crtbegin.o
LOAD c:/ac6/systemworkbench/plugins/fr.ac6.mcu.externaltools.arm-none.win32_1.16.0.201807130628/tools/compiler/bin/../lib/gcc/arm-none-eabi/7.2.1/../../../../arm-none-eabi/lib/thumb/v7e-m/fpv4-sp/hard/crt0.o
LOAD Drivers/STM32F4xx_HAL_Driver/Src/stm32f4xx_hal.o
LOAD Drivers/STM32F4xx_HAL_Driver/Src/stm32f4xx_hal_cortex.o
LOAD Drivers/STM32F4xx_HAL_Driver/Src/stm32f4xx_hal_dma.o
LOAD Drivers/STM32F4xx_HAL_Driver/Src/stm32f4xx_hal_dma_ex.o
LOAD Drivers/STM32F4xx_HAL_Driver/Src/stm32f4xx_hal_flash.o
LOAD Drivers/STM32F4xx_HAL_Driver/Src/stm32f4xx_hal_flash_ex.o
LOAD Drivers/STM32F4xx_HAL_Driver/Src/stm32f4xx_hal_flash_ramfunc.o
LOAD Drivers/STM32F4xx_HAL_Driver/Src/stm32f4xx_hal_gpio.o
LOAD Drivers/STM32F4xx_HAL_Driver/Src/stm32f4xx_hal_pwr.o
LOAD Drivers/STM32F4xx_HAL_Driver/Src/stm32f4xx_hal_pwr_ex.o
LOAD Drivers/STM32F4xx_HAL_Driver/Src/stm32f4xx_hal_rcc.o
LOAD Drivers/STM32F4xx_HAL_Driver/Src/stm32f4xx_hal_rcc_ex.o
LOAD Drivers/STM32F4xx_HAL_Driver/Src/stm32f4xx_hal_tim.o
LOAD Drivers/STM32F4xx_HAL_Driver/Src/stm32f4xx_hal_tim_ex.o
LOAD Src/gpio.o
LOAD Src/main.o
LOAD Src/nvic.o
LOAD Src/stm32f4xx_hal_msp.o
LOAD Src/stm32f4xx_it.o
LOAD Src/system_stm32f4xx.o
LOAD Src/uart.o
LOAD startup/startup_stm32f429xx.o
LOAD c:/ac6/systemworkbench/plugins/fr.ac6.mcu.externaltools.arm-none.win32_1.16.0.201807130628/tools/compiler/bin/../lib/gcc/arm-none-eabi/7.2.1/../../../../arm-none-eabi/lib/thumb/v7e-m/fpv4-sp/hard\libm.a
START GROUP
LOAD c:/ac6/systemworkbench/plugins/fr.ac6.mcu.externaltools.arm-none.win32_1.16.0.201807130628/tools/compiler/bin/../lib/gcc/arm-none-eabi/7.2.1/thumb/v7e-m/fpv4-sp/hard\libgcc.a
LOAD c:/ac6/systemworkbench/plugins/fr.ac6.mcu.externaltools.arm-none.win32_1.16.0.201807130628/tools/compiler/bin/../lib/gcc/arm-none-eabi/7.2.1/../../../../arm-none-eabi/lib/thumb/v7e-m/fpv4-sp/hard\libc_nano.a
END GROUP
START GROUP
LOAD c:/ac6/systemworkbench/plugins/fr.ac6.mcu.externaltools.arm-none.win32_1.16.0.201807130628/tools/compiler/bin/../lib/gcc/arm-none-eabi/7.2.1/thumb/v7e-m/fpv4-sp/hard\libgcc.a
LOAD c:/ac6/systemworkbench/plugins/fr.ac6.mcu.externaltools.arm-none.win32_1.16.0.201807130628/tools/compiler/bin/../lib/gcc/arm-none-eabi/7.2.1/../../../../arm-none-eabi/lib/thumb/v7e-m/fpv4-sp/hard\libc_nano.a
LOAD c:/ac6/systemworkbench/plugins/fr.ac6.mcu.externaltools.arm-none.win32_1.16.0.201807130628/tools/compiler/bin/../lib/gcc/arm-none-eabi/7.2.1/../../../../arm-none-eabi/lib/thumb/v7e-m/fpv4-sp/hard\libnosys.a
END GROUP
START GROUP
LOAD c:/ac6/systemworkbench/plugins/fr.ac6.mcu.externaltools.arm-none.win32_1.16.0.201807130628/tools/compiler/bin/../lib/gcc/arm-none-eabi/7.2.1/thumb/v7e-m/fpv4-sp/hard\libgcc.a
LOAD c:/ac6/systemworkbench/plugins/fr.ac6.mcu.externaltools.arm-none.win32_1.16.0.201807130628/tools/compiler/bin/../lib/gcc/arm-none-eabi/7.2.1/../../../../arm-none-eabi/lib/thumb/v7e-m/fpv4-sp/hard\libc_nano.a
LOAD c:/ac6/systemworkbench/plugins/fr.ac6.mcu.externaltools.arm-none.win32_1.16.0.201807130628/tools/compiler/bin/../lib/gcc/arm-none-eabi/7.2.1/../../../../arm-none-eabi/lib/thumb/v7e-m/fpv4-sp/hard\libnosys.a
END GROUP
LOAD c:/ac6/systemworkbench/plugins/fr.ac6.mcu.externaltools.arm-none.win32_1.16.0.201807130628/tools/compiler/bin/../lib/gcc/arm-none-eabi/7.2.1/thumb/v7e-m/fpv4-sp/hard/crtend.o
LOAD c:/ac6/systemworkbench/plugins/fr.ac6.mcu.externaltools.arm-none.win32_1.16.0.201807130628/tools/compiler/bin/../lib/gcc/arm-none-eabi/7.2.1/thumb/v7e-m/fpv4-sp/hard/crtn.o
                0x20030000                _estack = 0x20030000
                0x00000200                _Min_Heap_Size = 0x200
                0x00000400                _Min_Stack_Size = 0x400

.isr_vector     0x08000000      0x1ac
                0x08000000                . = ALIGN (0x4)
 *(.isr_vector)
 .isr_vector    0x08000000      0x1ac startup/startup_stm32f429xx.o
                0x08000000                g_pfnVectors
                0x080001ac                . = ALIGN (0x4)

.text           0x080001ac     0x11c0
                0x080001ac                . = ALIGN (0x4)
 *(.text)
 .text          0x080001ac       0x40 c:/ac6/systemworkbench/plugins/fr.ac6.mcu.externaltools.arm-none.win32_1.16.0.201807130628/tools/compiler/bin/../lib/gcc/arm-none-eabi/7.2.1/thumb/v7e-m/fpv4-sp/hard/crtbegin.o
 .text          0x080001ec       0x30 c:/ac6/systemworkbench/plugins/fr.ac6.mcu.externaltools.arm-none.win32_1.16.0.201807130628/tools/compiler/bin/../lib/gcc/arm-none-eabi/7.2.1/thumb/v7e-m/fpv4-sp/hard\libgcc.a(_aeabi_uldivmod.o)
                0x080001ec                __aeabi_uldivmod
 .text          0x0800021c      0x2cc c:/ac6/systemworkbench/plugins/fr.ac6.mcu.externaltools.arm-none.win32_1.16.0.201807130628/tools/compiler/bin/../lib/gcc/arm-none-eabi/7.2.1/thumb/v7e-m/fpv4-sp/hard\libgcc.a(_udivmoddi4.o)
                0x0800021c                __udivmoddi4
 .text          0x080004e8        0x4 c:/ac6/systemworkbench/plugins/fr.ac6.mcu.externaltools.arm-none.win32_1.16.0.201807130628/tools/compiler/bin/../lib/gcc/arm-none-eabi/7.2.1/thumb/v7e-m/fpv4-sp/hard\libgcc.a(_dvmd_tls.o)
                0x080004e8                __aeabi_idiv0
                0x080004e8                __aeabi_ldiv0
 .text          0x080004ec       0x14 c:/ac6/systemworkbench/plugins/fr.ac6.mcu.externaltools.arm-none.win32_1.16.0.201807130628/tools/compiler/bin/../lib/gcc/arm-none-eabi/7.2.1/../../../../arm-none-eabi/lib/thumb/v7e-m/fpv4-sp/hard\libc_nano.a(lib_a-strcmp.o)
                0x080004ec                strcmp
 *(.text*)
 .text.HAL_InitTick
                0x08000500       0x48 Drivers/STM32F4xx_HAL_Driver/Src/stm32f4xx_hal.o
                0x08000500                HAL_InitTick
 .text.HAL_Init
                0x08000548       0x34 Drivers/STM32F4xx_HAL_Driver/Src/stm32f4xx_hal.o
                0x08000548                HAL_Init
 .text.HAL_IncTick
                0x0800057c       0x18 Drivers/STM32F4xx_HAL_Driver/Src/stm32f4xx_hal.o
                0x0800057c                HAL_IncTick
 .text.HAL_GetTick
                0x08000594        0xc Drivers/STM32F4xx_HAL_Driver/Src/stm32f4xx_hal.o
                0x08000594                HAL_GetTick
 .text.HAL_NVIC_SetPriorityGrouping
                0x080005a0       0x24 Drivers/STM32F4xx_HAL_Driver/Src/stm32f4xx_hal_cortex.o
                0x080005a0                HAL_NVIC_SetPriorityGrouping
 .text.HAL_NVIC_SetPriority
                0x080005c4       0x68 Drivers/STM32F4xx_HAL_Driver/Src/stm32f4xx_hal_cortex.o
                0x080005c4                HAL_NVIC_SetPriority
 .text.HAL_SYSTICK_Config
                0x0800062c       0x2c Drivers/STM32F4xx_HAL_Driver/Src/stm32f4xx_hal_cortex.o
                0x0800062c                HAL_SYSTICK_Config
 .text.HAL_SYSTICK_CLKSourceConfig
                0x08000658       0x20 Drivers/STM32F4xx_HAL_Driver/Src/stm32f4xx_hal_cortex.o
                0x08000658                HAL_SYSTICK_CLKSourceConfig
 .text.HAL_SYSTICK_Callback
                0x08000678        0x2 Drivers/STM32F4xx_HAL_Driver/Src/stm32f4xx_hal_cortex.o
                0x08000678                HAL_SYSTICK_Callback
 .text.HAL_SYSTICK_IRQHandler
                0x0800067a        0x8 Drivers/STM32F4xx_HAL_Driver/Src/stm32f4xx_hal_cortex.o
                0x0800067a                HAL_SYSTICK_IRQHandler
 *fill*         0x08000682        0x2 
 .text.HAL_PWREx_EnableOverDrive
                0x08000684       0x80 Drivers/STM32F4xx_HAL_Driver/Src/stm32f4xx_hal_pwr_ex.o
                0x08000684                HAL_PWREx_EnableOverDrive
 .text.HAL_RCC_OscConfig
                0x08000704      0x398 Drivers/STM32F4xx_HAL_Driver/Src/stm32f4xx_hal_rcc.o
                0x08000704                HAL_RCC_OscConfig
 .text.HAL_RCC_GetSysClockFreq
                0x08000a9c       0xd8 Drivers/STM32F4xx_HAL_Driver/Src/stm32f4xx_hal_rcc.o
                0x08000a9c                HAL_RCC_GetSysClockFreq
 .text.HAL_RCC_ClockConfig
                0x08000b74      0x158 Drivers/STM32F4xx_HAL_Driver/Src/stm32f4xx_hal_rcc.o
                0x08000b74                HAL_RCC_ClockConfig
 .text.HAL_RCC_GetHCLKFreq
                0x08000ccc        0xc Drivers/STM32F4xx_HAL_Driver/Src/stm32f4xx_hal_rcc.o
                0x08000ccc                HAL_RCC_GetHCLKFreq
 .text.getPinNumber
                0x08000cd8       0x34 Src/gpio.o
                0x08000cd8                getPinNumber
 .text.gpioConfigurePin
                0x08000d0c       0x84 Src/gpio.o
                0x08000d0c                gpioConfigurePin
 .text.gpioWritePins
                0x08000d90       0x10 Src/gpio.o
                0x08000d90                gpioWritePins
 .text.gpioTogglePins
                0x08000da0        0x8 Src/gpio.o
                0x08000da0                gpioTogglePins
 .text.gpioConfigureAltFunc
                0x08000da8       0x24 Src/gpio.o
                0x08000da8                gpioConfigureAltFunc
 .text.MX_GPIO_Init
                0x08000dcc       0x38 Src/main.o
 .text.blinkyOCConfig
                0x08000e04       0x3c Src/main.o
                0x08000e04                blinkyOCConfig
 .text._Error_Handler
                0x08000e40        0x2 Src/main.o
                0x08000e40                _Error_Handler
 *fill*         0x08000e42        0x2 
 .text.SystemClock_Config
                0x08000e44       0xd4 Src/main.o
                0x08000e44                SystemClock_Config
 .text.main     0x08000f18       0xfc Src/main.o
                0x08000f18                main
 .text.nvicEnableInterrupt
                0x08001014       0x30 Src/nvic.o
                0x08001014                nvicEnableInterrupt
 .text.HAL_MspInit
                0x08001044       0x94 Src/stm32f4xx_hal_msp.o
                0x08001044                HAL_MspInit
 .text.NMI_Handler
                0x080010d8        0x2 Src/stm32f4xx_it.o
                0x080010d8                NMI_Handler
 .text.HardFault_Handler
                0x080010da        0x2 Src/stm32f4xx_it.o
                0x080010da                HardFault_Handler
 .text.MemManage_Handler
                0x080010dc        0x2 Src/stm32f4xx_it.o
                0x080010dc                MemManage_Handler
 .text.BusFault_Handler
                0x080010de        0x2 Src/stm32f4xx_it.o
                0x080010de                BusFault_Handler
 .text.UsageFault_Handler
                0x080010e0        0x2 Src/stm32f4xx_it.o
                0x080010e0                UsageFault_Handler
 .text.SVC_Handler
                0x080010e2        0x2 Src/stm32f4xx_it.o
                0x080010e2                SVC_Handler
 .text.DebugMon_Handler
                0x080010e4        0x2 Src/stm32f4xx_it.o
                0x080010e4                DebugMon_Handler
 .text.PendSV_Handler
                0x080010e6        0x2 Src/stm32f4xx_it.o
                0x080010e6                PendSV_Handler
 .text.SysTick_Handler
                0x080010e8        0xc Src/stm32f4xx_it.o
                0x080010e8                SysTick_Handler
 .text.UART5_IRQHandler
                0x080010f4       0xcc Src/stm32f4xx_it.o
                0x080010f4                UART5_IRQHandler
 .text.TIM2_IRQHandler
                0x080011c0       0x5c Src/stm32f4xx_it.o
                0x080011c0                TIM2_IRQHandler
 .text.SystemInit
                0x0800121c       0x4c Src/system_stm32f4xx.o
                0x0800121c                SystemInit
 .text.usartConfigure
                0x08001268       0x4e Src/uart.o
                0x08001268                usartConfigure
 *fill*         0x080012b6        0x2 
 .text.Reset_Handler
                0x080012b8       0x50 startup/startup_stm32f429xx.o
                0x080012b8                Reset_Handler
 .text.Default_Handler
                0x08001308        0x2 startup/startup_stm32f429xx.o
                0x08001308                RTC_Alarm_IRQHandler
                0x08001308                HASH_RNG_IRQHandler
                0x08001308                EXTI2_IRQHandler
                0x08001308                TIM8_CC_IRQHandler
                0x08001308                UART8_IRQHandler
                0x08001308                SPI4_IRQHandler
                0x08001308                TIM1_CC_IRQHandler
                0x08001308                DMA2_Stream5_IRQHandler
                0x08001308                DMA1_Stream5_IRQHandler
                0x08001308                PVD_IRQHandler
                0x08001308                SDIO_IRQHandler
                0x08001308                TAMP_STAMP_IRQHandler
                0x08001308                CAN2_RX1_IRQHandler
                0x08001308                EXTI3_IRQHandler
                0x08001308                TIM8_TRG_COM_TIM14_IRQHandler
                0x08001308                TIM1_UP_TIM10_IRQHandler
                0x08001308                TIM8_UP_TIM13_IRQHandler
                0x08001308                I2C3_ER_IRQHandler
                0x08001308                EXTI0_IRQHandler
                0x08001308                I2C2_EV_IRQHandler
                0x08001308                DMA1_Stream2_IRQHandler
                0x08001308                CAN1_RX0_IRQHandler
                0x08001308                FPU_IRQHandler
                0x08001308                OTG_HS_WKUP_IRQHandler
                0x08001308                LTDC_ER_IRQHandler
                0x08001308                CAN2_SCE_IRQHandler
                0x08001308                DMA2_Stream2_IRQHandler
                0x08001308                SPI1_IRQHandler
                0x08001308                TIM6_DAC_IRQHandler
                0x08001308                TIM1_BRK_TIM9_IRQHandler
                0x08001308                DCMI_IRQHandler
                0x08001308                CAN2_RX0_IRQHandler
                0x08001308                DMA2_Stream3_IRQHandler
                0x08001308                USART6_IRQHandler
                0x08001308                USART3_IRQHandler
                0x08001308                CAN1_RX1_IRQHandler
                0x08001308                DMA2_Stream0_IRQHandler
                0x08001308                TIM4_IRQHandler
                0x08001308                I2C1_EV_IRQHandler
                0x08001308                DMA1_Stream6_IRQHandler
                0x08001308                DMA1_Stream1_IRQHandler
                0x08001308                UART4_IRQHandler
                0x08001308                TIM3_IRQHandler
                0x08001308                RCC_IRQHandler
                0x08001308                TIM8_BRK_TIM12_IRQHandler
                0x08001308                Default_Handler
                0x08001308                EXTI15_10_IRQHandler
                0x08001308                ADC_IRQHandler
                0x08001308                DMA1_Stream7_IRQHandler
                0x08001308                SPI5_IRQHandler
                0x08001308                TIM7_IRQHandler
                0x08001308                CAN2_TX_IRQHandler
                0x08001308                TIM5_IRQHandler
                0x08001308                DMA2_Stream7_IRQHandler
                0x08001308                I2C3_EV_IRQHandler
                0x08001308                EXTI9_5_IRQHandler
                0x08001308                RTC_WKUP_IRQHandler
                0x08001308                LTDC_IRQHandler
                0x08001308                ETH_WKUP_IRQHandler
                0x08001308                SPI2_IRQHandler
                0x08001308                OTG_HS_EP1_IN_IRQHandler
                0x08001308                DMA1_Stream0_IRQHandler
                0x08001308                CAN1_TX_IRQHandler
                0x08001308                EXTI4_IRQHandler
                0x08001308                ETH_IRQHandler
                0x08001308                OTG_HS_EP1_OUT_IRQHandler
                0x08001308                WWDG_IRQHandler
                0x08001308                SPI6_IRQHandler
                0x08001308                OTG_FS_WKUP_IRQHandler
                0x08001308                TIM1_TRG_COM_TIM11_IRQHandler
                0x08001308                OTG_HS_IRQHandler
                0x08001308                DMA2D_IRQHandler
                0x08001308                EXTI1_IRQHandler
                0x08001308                UART7_IRQHandler
                0x08001308                USART2_IRQHandler
                0x08001308                I2C2_ER_IRQHandler
                0x08001308                DMA2_Stream1_IRQHandler
                0x08001308                CAN1_SCE_IRQHandler
                0x08001308                FLASH_IRQHandler
                0x08001308                DMA2_Stream4_IRQHandler
                0x08001308                USART1_IRQHandler
                0x08001308                OTG_FS_IRQHandler
                0x08001308                SPI3_IRQHandler
                0x08001308                DMA1_Stream4_IRQHandler
                0x08001308                I2C1_ER_IRQHandler
                0x08001308                FMC_IRQHandler
                0x08001308                DMA2_Stream6_IRQHandler
                0x08001308                SAI1_IRQHandler
                0x08001308                DMA1_Stream3_IRQHandler
 *fill*         0x0800130a        0x2 
 .text.__libc_init_array
                0x0800130c       0x48 c:/ac6/systemworkbench/plugins/fr.ac6.mcu.externaltools.arm-none.win32_1.16.0.201807130628/tools/compiler/bin/../lib/gcc/arm-none-eabi/7.2.1/../../../../arm-none-eabi/lib/thumb/v7e-m/fpv4-sp/hard\libc_nano.a(lib_a-init.o)
                0x0800130c                __libc_init_array
 *(.glue_7)
 .glue_7        0x08001354        0x0 linker stubs
 *(.glue_7t)
 .glue_7t       0x08001354        0x0 linker stubs
 *(.eh_frame)
 .eh_frame      0x08001354        0x0 c:/ac6/systemworkbench/plugins/fr.ac6.mcu.externaltools.arm-none.win32_1.16.0.201807130628/tools/compiler/bin/../lib/gcc/arm-none-eabi/7.2.1/thumb/v7e-m/fpv4-sp/hard/crtbegin.o
 *(.init)
 .init          0x08001354        0x4 c:/ac6/systemworkbench/plugins/fr.ac6.mcu.externaltools.arm-none.win32_1.16.0.201807130628/tools/compiler/bin/../lib/gcc/arm-none-eabi/7.2.1/thumb/v7e-m/fpv4-sp/hard/crti.o
                0x08001354                _init
 .init          0x08001358        0x8 c:/ac6/systemworkbench/plugins/fr.ac6.mcu.externaltools.arm-none.win32_1.16.0.201807130628/tools/compiler/bin/../lib/gcc/arm-none-eabi/7.2.1/thumb/v7e-m/fpv4-sp/hard/crtn.o
 *(.fini)
 .fini          0x08001360        0x4 c:/ac6/systemworkbench/plugins/fr.ac6.mcu.externaltools.arm-none.win32_1.16.0.201807130628/tools/compiler/bin/../lib/gcc/arm-none-eabi/7.2.1/thumb/v7e-m/fpv4-sp/hard/crti.o
                0x08001360                _fini
 .fini          0x08001364        0x8 c:/ac6/systemworkbench/plugins/fr.ac6.mcu.externaltools.arm-none.win32_1.16.0.201807130628/tools/compiler/bin/../lib/gcc/arm-none-eabi/7.2.1/thumb/v7e-m/fpv4-sp/hard/crtn.o
                0x0800136c                . = ALIGN (0x4)
                0x0800136c                _etext = .

.vfp11_veneer   0x0800136c        0x0
 .vfp11_veneer  0x0800136c        0x0 linker stubs

.v4_bx          0x0800136c        0x0
 .v4_bx         0x0800136c        0x0 linker stubs

.iplt           0x0800136c        0x0
 .iplt          0x0800136c        0x0 c:/ac6/systemworkbench/plugins/fr.ac6.mcu.externaltools.arm-none.win32_1.16.0.201807130628/tools/compiler/bin/../lib/gcc/arm-none-eabi/7.2.1/thumb/v7e-m/fpv4-sp/hard/crtbegin.o

.rodata         0x0800136c       0x44
                0x0800136c                . = ALIGN (0x4)
 *(.rodata)
 .rodata        0x0800136c       0x18 Src/system_stm32f4xx.o
                0x0800136c                AHBPrescTable
                0x0800137c                APBPrescTable
 *(.rodata*)
 .rodata.str1.4
                0x08001384        0xe Src/main.o
 *fill*         0x08001392        0x2 
 .rodata.str1.4
                0x08001394       0x1c Src/stm32f4xx_it.o
                                 0x1a (size before relaxing)
                0x080013b0                . = ALIGN (0x4)

.ARM.extab
 *(.ARM.extab* .gnu.linkonce.armextab.*)

.ARM            0x080013b0        0x8
                0x080013b0                __exidx_start = .
 *(.ARM.exidx*)
 .ARM.exidx     0x080013b0        0x8 c:/ac6/systemworkbench/plugins/fr.ac6.mcu.externaltools.arm-none.win32_1.16.0.201807130628/tools/compiler/bin/../lib/gcc/arm-none-eabi/7.2.1/thumb/v7e-m/fpv4-sp/hard\libgcc.a(_udivmoddi4.o)
                0x080013b8                __exidx_end = .

.rel.dyn        0x080013b8        0x0
 .rel.iplt      0x080013b8        0x0 c:/ac6/systemworkbench/plugins/fr.ac6.mcu.externaltools.arm-none.win32_1.16.0.201807130628/tools/compiler/bin/../lib/gcc/arm-none-eabi/7.2.1/thumb/v7e-m/fpv4-sp/hard/crtbegin.o

.preinit_array  0x080013b8        0x0
                0x080013b8                PROVIDE (__preinit_array_start, .)
 *(.preinit_array*)
                0x080013b8                PROVIDE (__preinit_array_end, .)

.init_array     0x080013b8        0x4
                0x080013b8                PROVIDE (__init_array_start, .)
 *(SORT_BY_NAME(.init_array.*))
 *(.init_array*)
 .init_array    0x080013b8        0x4 c:/ac6/systemworkbench/plugins/fr.ac6.mcu.externaltools.arm-none.win32_1.16.0.201807130628/tools/compiler/bin/../lib/gcc/arm-none-eabi/7.2.1/thumb/v7e-m/fpv4-sp/hard/crtbegin.o
                0x080013bc                PROVIDE (__init_array_end, .)

.fini_array     0x080013bc        0x4
                [!provide]                PROVIDE (__fini_array_start, .)
 *(SORT_BY_NAME(.fini_array.*))
 *(.fini_array*)
 .fini_array    0x080013bc        0x4 c:/ac6/systemworkbench/plugins/fr.ac6.mcu.externaltools.arm-none.win32_1.16.0.201807130628/tools/compiler/bin/../lib/gcc/arm-none-eabi/7.2.1/thumb/v7e-m/fpv4-sp/hard/crtbegin.o
                [!provide]                PROVIDE (__fini_array_end, .)
                0x080013c0                _sidata = LOADADDR (.data)

.data           0x20000000       0x20 load address 0x080013c0
                0x20000000                . = ALIGN (0x4)
                0x20000000                _sdata = .
 *(.data)
 .data          0x20000000        0x8 Drivers/STM32F4xx_HAL_Driver/Src/stm32f4xx_hal.o
                0x20000000                uwTickFreq
                0x20000004                uwTickPrio
 .data          0x20000008       0x10 Src/gpio.o
                0x20000008                bitPos
 .data          0x20000018        0x4 Src/stm32f4xx_it.o
 .data          0x2000001c        0x4 Src/system_stm32f4xx.o
                0x2000001c                SystemCoreClock
 *(.data*)
                0x20000020                . = ALIGN (0x4)
                0x20000020                _edata = .
                0x080013e0                _siccmram = LOADADDR (.ccmram)

.igot.plt       0x20000020        0x0 load address 0x080013e0
 .igot.plt      0x20000020        0x0 c:/ac6/systemworkbench/plugins/fr.ac6.mcu.externaltools.arm-none.win32_1.16.0.201807130628/tools/compiler/bin/../lib/gcc/arm-none-eabi/7.2.1/thumb/v7e-m/fpv4-sp/hard/crtbegin.o

.ccmram         0x10000000        0x0 load address 0x080013e0
                0x10000000                . = ALIGN (0x4)
                0x10000000                _sccmram = .
 *(.ccmram)
 *(.ccmram*)
                0x10000000                . = ALIGN (0x4)
                0x10000000                _eccmram = .
                0x10000000                . = ALIGN (0x4)

.bss            0x20000020       0x30
                0x20000020                _sbss = .
                0x20000020                __bss_start__ = _sbss
 *(.bss)
 .bss           0x20000020       0x1c c:/ac6/systemworkbench/plugins/fr.ac6.mcu.externaltools.arm-none.win32_1.16.0.201807130628/tools/compiler/bin/../lib/gcc/arm-none-eabi/7.2.1/thumb/v7e-m/fpv4-sp/hard/crtbegin.o
 .bss           0x2000003c        0xd Src/stm32f4xx_it.o
 *(.bss*)
 *(COMMON)
 *fill*         0x20000049        0x3 
 COMMON         0x2000004c        0x4 Drivers/STM32F4xx_HAL_Driver/Src/stm32f4xx_hal.o
                0x2000004c                uwTick
                0x20000050                . = ALIGN (0x4)
                0x20000050                _ebss = .
                0x20000050                __bss_end__ = _ebss

._user_heap_stack
                0x20000050      0x600
                0x20000050                . = ALIGN (0x8)
                [!provide]                PROVIDE (end, .)
                [!provide]                PROVIDE (_end, .)
                0x20000250                . = (. + _Min_Heap_Size)
 *fill*         0x20000050      0x200 
                0x20000650                . = (. + _Min_Stack_Size)
 *fill*         0x20000250      0x400 
                0x20000650                . = ALIGN (0x8)

/DISCARD/
 libc.a(*)
 libm.a(*)
 libgcc.a(*)

.ARM.attributes
                0x00000000       0x30
 *(.ARM.attributes)
 .ARM.attributes
                0x00000000       0x22 c:/ac6/systemworkbench/plugins/fr.ac6.mcu.externaltools.arm-none.win32_1.16.0.201807130628/tools/compiler/bin/../lib/gcc/arm-none-eabi/7.2.1/thumb/v7e-m/fpv4-sp/hard/crti.o
 .ARM.attributes
                0x00000022       0x34 c:/ac6/systemworkbench/plugins/fr.ac6.mcu.externaltools.arm-none.win32_1.16.0.201807130628/tools/compiler/bin/../lib/gcc/arm-none-eabi/7.2.1/thumb/v7e-m/fpv4-sp/hard/crtbegin.o
 .ARM.attributes
                0x00000056       0x39 Drivers/STM32F4xx_HAL_Driver/Src/stm32f4xx_hal.o
 .ARM.attributes
                0x0000008f       0x39 Drivers/STM32F4xx_HAL_Driver/Src/stm32f4xx_hal_cortex.o
 .ARM.attributes
                0x000000c8       0x39 Drivers/STM32F4xx_HAL_Driver/Src/stm32f4xx_hal_pwr_ex.o
 .ARM.attributes
                0x00000101       0x39 Drivers/STM32F4xx_HAL_Driver/Src/stm32f4xx_hal_rcc.o
 .ARM.attributes
                0x0000013a       0x39 Src/gpio.o
 .ARM.attributes
                0x00000173       0x39 Src/main.o
 .ARM.attributes
                0x000001ac       0x39 Src/nvic.o
 .ARM.attributes
                0x000001e5       0x39 Src/stm32f4xx_hal_msp.o
 .ARM.attributes
                0x0000021e       0x39 Src/stm32f4xx_it.o
 .ARM.attributes
                0x00000257       0x39 Src/system_stm32f4xx.o
 .ARM.attributes
                0x00000290       0x39 Src/uart.o
 .ARM.attributes
                0x000002c9       0x21 startup/startup_stm32f429xx.o
 .ARM.attributes
                0x000002ea       0x22 c:/ac6/systemworkbench/plugins/fr.ac6.mcu.externaltools.arm-none.win32_1.16.0.201807130628/tools/compiler/bin/../lib/gcc/arm-none-eabi/7.2.1/thumb/v7e-m/fpv4-sp/hard\libgcc.a(_aeabi_uldivmod.o)
 .ARM.attributes
                0x0000030c       0x34 c:/ac6/systemworkbench/plugins/fr.ac6.mcu.externaltools.arm-none.win32_1.16.0.201807130628/tools/compiler/bin/../lib/gcc/arm-none-eabi/7.2.1/thumb/v7e-m/fpv4-sp/hard\libgcc.a(_udivmoddi4.o)
 .ARM.attributes
                0x00000340       0x22 c:/ac6/systemworkbench/plugins/fr.ac6.mcu.externaltools.arm-none.win32_1.16.0.201807130628/tools/compiler/bin/../lib/gcc/arm-none-eabi/7.2.1/thumb/v7e-m/fpv4-sp/hard\libgcc.a(_dvmd_tls.o)
 .ARM.attributes
                0x00000362       0x34 c:/ac6/systemworkbench/plugins/fr.ac6.mcu.externaltools.arm-none.win32_1.16.0.201807130628/tools/compiler/bin/../lib/gcc/arm-none-eabi/7.2.1/../../../../arm-none-eabi/lib/thumb/v7e-m/fpv4-sp/hard\libc_nano.a(lib_a-init.o)
 .ARM.attributes
                0x00000396       0x20 c:/ac6/systemworkbench/plugins/fr.ac6.mcu.externaltools.arm-none.win32_1.16.0.201807130628/tools/compiler/bin/../lib/gcc/arm-none-eabi/7.2.1/../../../../arm-none-eabi/lib/thumb/v7e-m/fpv4-sp/hard\libc_nano.a(lib_a-strcmp.o)
 .ARM.attributes
                0x000003b6       0x22 c:/ac6/systemworkbench/plugins/fr.ac6.mcu.externaltools.arm-none.win32_1.16.0.201807130628/tools/compiler/bin/../lib/gcc/arm-none-eabi/7.2.1/thumb/v7e-m/fpv4-sp/hard/crtn.o
OUTPUT(STM32F429ZIT6_UART_CLI.elf elf32-littlearm)

.debug_info     0x00000000     0xae13
 .debug_info    0x00000000     0x124d Drivers/STM32F4xx_HAL_Driver/Src/stm32f4xx_hal.o
 .debug_info    0x0000124d     0x178b Drivers/STM32F4xx_HAL_Driver/Src/stm32f4xx_hal_cortex.o
 .debug_info    0x000029d8     0x1011 Drivers/STM32F4xx_HAL_Driver/Src/stm32f4xx_hal_pwr_ex.o
 .debug_info    0x000039e9     0x1275 Drivers/STM32F4xx_HAL_Driver/Src/stm32f4xx_hal_rcc.o
 .debug_info    0x00004c5e      0xc06 Src/gpio.o
 .debug_info    0x00005864     0x179b Src/main.o
 .debug_info    0x00006fff      0xa26 Src/nvic.o
 .debug_info    0x00007a25      0xeb5 Src/stm32f4xx_hal_msp.o
 .debug_info    0x000088da      0xe16 Src/stm32f4xx_it.o
 .debug_info    0x000096f0      0xd43 Src/system_stm32f4xx.o
 .debug_info    0x0000a433      0x9be Src/uart.o
 .debug_info    0x0000adf1       0x22 startup/startup_stm32f429xx.o

.debug_abbrev   0x00000000     0x1c7e
 .debug_abbrev  0x00000000      0x2e5 Drivers/STM32F4xx_HAL_Driver/Src/stm32f4xx_hal.o
 .debug_abbrev  0x000002e5      0x3d6 Drivers/STM32F4xx_HAL_Driver/Src/stm32f4xx_hal_cortex.o
 .debug_abbrev  0x000006bb      0x2c5 Drivers/STM32F4xx_HAL_Driver/Src/stm32f4xx_hal_pwr_ex.o
 .debug_abbrev  0x00000980      0x333 Drivers/STM32F4xx_HAL_Driver/Src/stm32f4xx_hal_rcc.o
 .debug_abbrev  0x00000cb3      0x27a Src/gpio.o
 .debug_abbrev  0x00000f2d      0x2f5 Src/main.o
 .debug_abbrev  0x00001222      0x1d6 Src/nvic.o
 .debug_abbrev  0x000013f8      0x234 Src/stm32f4xx_hal_msp.o
 .debug_abbrev  0x0000162c      0x25d Src/stm32f4xx_it.o
 .debug_abbrev  0x00001889      0x205 Src/system_stm32f4xx.o
 .debug_abbrev  0x00001a8e      0x1de Src/uart.o
 .debug_abbrev  0x00001c6c       0x12 startup/startup_stm32f429xx.o

.debug_loc      0x00000000     0x100e
 .debug_loc     0x00000000       0xfd Drivers/STM32F4xx_HAL_Driver/Src/stm32f4xx_hal.o
 .debug_loc     0x000000fd      0x5ce Drivers/STM32F4xx_HAL_Driver/Src/stm32f4xx_hal_cortex.o
 .debug_loc     0x000006cb      0x13f Drivers/STM32F4xx_HAL_Driver/Src/stm32f4xx_hal_pwr_ex.o
 .debug_loc     0x0000080a      0x3f1 Drivers/STM32F4xx_HAL_Driver/Src/stm32f4xx_hal_rcc.o
 .debug_loc     0x00000bfb      0x1c9 Src/gpio.o
 .debug_loc     0x00000dc4       0x52 Src/nvic.o
 .debug_loc     0x00000e16      0x13e Src/system_stm32f4xx.o
 .debug_loc     0x00000f54       0xba Src/uart.o

.debug_aranges  0x00000000      0x420
 .debug_aranges
                0x00000000       0xf0 Drivers/STM32F4xx_HAL_Driver/Src/stm32f4xx_hal.o
 .debug_aranges
                0x000000f0       0xa8 Drivers/STM32F4xx_HAL_Driver/Src/stm32f4xx_hal_cortex.o
 .debug_aranges
                0x00000198       0x60 Drivers/STM32F4xx_HAL_Driver/Src/stm32f4xx_hal_pwr_ex.o
 .debug_aranges
                0x000001f8       0x88 Drivers/STM32F4xx_HAL_Driver/Src/stm32f4xx_hal_rcc.o
 .debug_aranges
                0x00000280       0x40 Src/gpio.o
 .debug_aranges
                0x000002c0       0x40 Src/main.o
 .debug_aranges
                0x00000300       0x20 Src/nvic.o
 .debug_aranges
                0x00000320       0x20 Src/stm32f4xx_hal_msp.o
 .debug_aranges
                0x00000340       0x70 Src/stm32f4xx_it.o
 .debug_aranges
                0x000003b0       0x28 Src/system_stm32f4xx.o
 .debug_aranges
                0x000003d8       0x20 Src/uart.o
 .debug_aranges
                0x000003f8       0x28 startup/startup_stm32f429xx.o

.debug_ranges   0x00000000      0x3f8
 .debug_ranges  0x00000000       0xe0 Drivers/STM32F4xx_HAL_Driver/Src/stm32f4xx_hal.o
 .debug_ranges  0x000000e0       0xf8 Drivers/STM32F4xx_HAL_Driver/Src/stm32f4xx_hal_cortex.o
 .debug_ranges  0x000001d8       0x50 Drivers/STM32F4xx_HAL_Driver/Src/stm32f4xx_hal_pwr_ex.o
 .debug_ranges  0x00000228       0x90 Drivers/STM32F4xx_HAL_Driver/Src/stm32f4xx_hal_rcc.o
 .debug_ranges  0x000002b8       0x48 Src/gpio.o
 .debug_ranges  0x00000300       0x30 Src/main.o
 .debug_ranges  0x00000330       0x10 Src/nvic.o
 .debug_ranges  0x00000340       0x10 Src/stm32f4xx_hal_msp.o
 .debug_ranges  0x00000350       0x60 Src/stm32f4xx_it.o
 .debug_ranges  0x000003b0       0x18 Src/system_stm32f4xx.o
 .debug_ranges  0x000003c8       0x10 Src/uart.o
 .debug_ranges  0x000003d8       0x20 startup/startup_stm32f429xx.o

.debug_macro    0x00000000    0x22a06
 .debug_macro   0x00000000      0x363 Drivers/STM32F4xx_HAL_Driver/Src/stm32f4xx_hal.o
 .debug_macro   0x00000363      0xa60 Drivers/STM32F4xx_HAL_Driver/Src/stm32f4xx_hal.o
 .debug_macro   0x00000dc3       0x10 Drivers/STM32F4xx_HAL_Driver/Src/stm32f4xx_hal.o
 .debug_macro   0x00000dd3      0x174 Drivers/STM32F4xx_HAL_Driver/Src/stm32f4xx_hal.o
 .debug_macro   0x00000f47       0x32 Drivers/STM32F4xx_HAL_Driver/Src/stm32f4xx_hal.o
 .debug_macro   0x00000f79       0x28 Drivers/STM32F4xx_HAL_Driver/Src/stm32f4xx_hal.o
 .debug_macro   0x00000fa1       0x22 Drivers/STM32F4xx_HAL_Driver/Src/stm32f4xx_hal.o
 .debug_macro   0x00000fc3       0x87 Drivers/STM32F4xx_HAL_Driver/Src/stm32f4xx_hal.o
 .debug_macro   0x0000104a       0x51 Drivers/STM32F4xx_HAL_Driver/Src/stm32f4xx_hal.o
 .debug_macro   0x0000109b       0xef Drivers/STM32F4xx_HAL_Driver/Src/stm32f4xx_hal.o
 .debug_macro   0x0000118a       0x6a Drivers/STM32F4xx_HAL_Driver/Src/stm32f4xx_hal.o
 .debug_macro   0x000011f4      0x1df Drivers/STM32F4xx_HAL_Driver/Src/stm32f4xx_hal.o
 .debug_macro   0x000013d3       0x35 Drivers/STM32F4xx_HAL_Driver/Src/stm32f4xx_hal.o
 .debug_macro   0x00001408       0x50 Drivers/STM32F4xx_HAL_Driver/Src/stm32f4xx_hal.o
 .debug_macro   0x00001458      0xe66 Drivers/STM32F4xx_HAL_Driver/Src/stm32f4xx_hal.o
 .debug_macro   0x000022be    0x17e1c Drivers/STM32F4xx_HAL_Driver/Src/stm32f4xx_hal.o
 .debug_macro   0x0001a0da       0x43 Drivers/STM32F4xx_HAL_Driver/Src/stm32f4xx_hal.o
 .debug_macro   0x0001a11d     0x35a5 Drivers/STM32F4xx_HAL_Driver/Src/stm32f4xx_hal.o
 .debug_macro   0x0001d6c2       0x58 Drivers/STM32F4xx_HAL_Driver/Src/stm32f4xx_hal.o
 .debug_macro   0x0001d71a       0x17 Drivers/STM32F4xx_HAL_Driver/Src/stm32f4xx_hal.o
 .debug_macro   0x0001d731       0x35 Drivers/STM32F4xx_HAL_Driver/Src/stm32f4xx_hal.o
 .debug_macro   0x0001d766       0x9c Drivers/STM32F4xx_HAL_Driver/Src/stm32f4xx_hal.o
 .debug_macro   0x0001d802       0x16 Drivers/STM32F4xx_HAL_Driver/Src/stm32f4xx_hal.o
 .debug_macro   0x0001d818       0x97 Drivers/STM32F4xx_HAL_Driver/Src/stm32f4xx_hal.o
 .debug_macro   0x0001d8af      0x330 Drivers/STM32F4xx_HAL_Driver/Src/stm32f4xx_hal.o
 .debug_macro   0x0001dbdf       0xfd Drivers/STM32F4xx_HAL_Driver/Src/stm32f4xx_hal.o
 .debug_macro   0x0001dcdc       0x10 Drivers/STM32F4xx_HAL_Driver/Src/stm32f4xx_hal.o
 .debug_macro   0x0001dcec       0x58 Drivers/STM32F4xx_HAL_Driver/Src/stm32f4xx_hal.o
 .debug_macro   0x0001dd44       0x1f Drivers/STM32F4xx_HAL_Driver/Src/stm32f4xx_hal.o
 .debug_macro   0x0001dd63       0x43 Drivers/STM32F4xx_HAL_Driver/Src/stm32f4xx_hal.o
 .debug_macro   0x0001dda6       0x20 Drivers/STM32F4xx_HAL_Driver/Src/stm32f4xx_hal.o
 .debug_macro   0x0001ddc6      0x18e Drivers/STM32F4xx_HAL_Driver/Src/stm32f4xx_hal.o
 .debug_macro   0x0001df54       0x10 Drivers/STM32F4xx_HAL_Driver/Src/stm32f4xx_hal.o
 .debug_macro   0x0001df64       0x1c Drivers/STM32F4xx_HAL_Driver/Src/stm32f4xx_hal.o
 .debug_macro   0x0001df80       0x52 Drivers/STM32F4xx_HAL_Driver/Src/stm32f4xx_hal.o
 .debug_macro   0x0001dfd2       0x40 Drivers/STM32F4xx_HAL_Driver/Src/stm32f4xx_hal.o
 .debug_macro   0x0001e012       0x10 Drivers/STM32F4xx_HAL_Driver/Src/stm32f4xx_hal.o
 .debug_macro   0x0001e022       0x40 Drivers/STM32F4xx_HAL_Driver/Src/stm32f4xx_hal.o
 .debug_macro   0x0001e062       0xd7 Drivers/STM32F4xx_HAL_Driver/Src/stm32f4xx_hal.o
 .debug_macro   0x0001e139       0x1c Drivers/STM32F4xx_HAL_Driver/Src/stm32f4xx_hal.o
 .debug_macro   0x0001e155       0x3d Drivers/STM32F4xx_HAL_Driver/Src/stm32f4xx_hal.o
 .debug_macro   0x0001e192       0x16 Drivers/STM32F4xx_HAL_Driver/Src/stm32f4xx_hal.o
 .debug_macro   0x0001e1a8      0x16f Drivers/STM32F4xx_HAL_Driver/Src/stm32f4xx_hal.o
 .debug_macro   0x0001e317       0x50 Drivers/STM32F4xx_HAL_Driver/Src/stm32f4xx_hal.o
 .debug_macro   0x0001e367      0xca5 Drivers/STM32F4xx_HAL_Driver/Src/stm32f4xx_hal.o
 .debug_macro   0x0001f00c      0xa02 Drivers/STM32F4xx_HAL_Driver/Src/stm32f4xx_hal.o
 .debug_macro   0x0001fa0e      0x11e Drivers/STM32F4xx_HAL_Driver/Src/stm32f4xx_hal.o
 .debug_macro   0x0001fb2c      0x15f Drivers/STM32F4xx_HAL_Driver/Src/stm32f4xx_hal.o
 .debug_macro   0x0001fc8b       0x27 Drivers/STM32F4xx_HAL_Driver/Src/stm32f4xx_hal.o
 .debug_macro   0x0001fcb2      0x287 Drivers/STM32F4xx_HAL_Driver/Src/stm32f4xx_hal.o
 .debug_macro   0x0001ff39       0x5f Drivers/STM32F4xx_HAL_Driver/Src/stm32f4xx_hal.o
 .debug_macro   0x0001ff98      0x23a Drivers/STM32F4xx_HAL_Driver/Src/stm32f4xx_hal.o
 .debug_macro   0x000201d2      0x13a Drivers/STM32F4xx_HAL_Driver/Src/stm32f4xx_hal.o
 .debug_macro   0x0002030c      0x41d Drivers/STM32F4xx_HAL_Driver/Src/stm32f4xx_hal.o
 .debug_macro   0x00020729       0x2e Drivers/STM32F4xx_HAL_Driver/Src/stm32f4xx_hal.o
 .debug_macro   0x00020757      0x11e Drivers/STM32F4xx_HAL_Driver/Src/stm32f4xx_hal.o
 .debug_macro   0x00020875       0xe2 Drivers/STM32F4xx_HAL_Driver/Src/stm32f4xx_hal.o
 .debug_macro   0x00020957       0x89 Drivers/STM32F4xx_HAL_Driver/Src/stm32f4xx_hal.o
 .debug_macro   0x000209e0      0x13b Drivers/STM32F4xx_HAL_Driver/Src/stm32f4xx_hal.o
 .debug_macro   0x00020b1b      0x303 Drivers/STM32F4xx_HAL_Driver/Src/stm32f4xx_hal_cortex.o
 .debug_macro   0x00020e1e      0x31b Drivers/STM32F4xx_HAL_Driver/Src/stm32f4xx_hal_pwr_ex.o
 .debug_macro   0x00021139      0x327 Drivers/STM32F4xx_HAL_Driver/Src/stm32f4xx_hal_rcc.o
 .debug_macro   0x00021460      0x1a9 Src/gpio.o
 .debug_macro   0x00021609       0x52 Src/gpio.o
 .debug_macro   0x0002165b       0x8d Src/gpio.o
 .debug_macro   0x000216e8       0x57 Src/gpio.o
 .debug_macro   0x0002173f       0x16 Src/gpio.o
 .debug_macro   0x00021755      0x392 Src/main.o
 .debug_macro   0x00021ae7       0x7c Src/main.o
 .debug_macro   0x00021b63       0x64 Src/main.o
 .debug_macro   0x00021bc7      0x10c Src/main.o
 .debug_macro   0x00021cd3       0x16 Src/main.o
 .debug_macro   0x00021ce9       0x35 Src/main.o
 .debug_macro   0x00021d1e      0x1aa Src/nvic.o
 .debug_macro   0x00021ec8      0x303 Src/stm32f4xx_hal_msp.o
 .debug_macro   0x000221cb      0x389 Src/stm32f4xx_it.o
 .debug_macro   0x00022554      0x309 Src/system_stm32f4xx.o
 .debug_macro   0x0002285d      0x1a9 Src/uart.o

.debug_line     0x00000000     0x5856
 .debug_line    0x00000000      0xa23 Drivers/STM32F4xx_HAL_Driver/Src/stm32f4xx_hal.o
 .debug_line    0x00000a23      0xa5a Drivers/STM32F4xx_HAL_Driver/Src/stm32f4xx_hal_cortex.o
 .debug_line    0x0000147d      0x91a Drivers/STM32F4xx_HAL_Driver/Src/stm32f4xx_hal_pwr_ex.o
 .debug_line    0x00001d97      0xa96 Drivers/STM32F4xx_HAL_Driver/Src/stm32f4xx_hal_rcc.o
 .debug_line    0x0000282d      0x4ad Src/gpio.o
 .debug_line    0x00002cda      0x8f7 Src/main.o
 .debug_line    0x000035d1      0x428 Src/nvic.o
 .debug_line    0x000039f9      0x81c Src/stm32f4xx_hal_msp.o
 .debug_line    0x00004215      0x94f Src/stm32f4xx_it.o
 .debug_line    0x00004b64      0x846 Src/system_stm32f4xx.o
 .debug_line    0x000053aa      0x42d Src/uart.o
 .debug_line    0x000057d7       0x7f startup/startup_stm32f429xx.o

.debug_str      0x00000000    0xc9f65
 .debug_str     0x00000000    0xc8522 Drivers/STM32F4xx_HAL_Driver/Src/stm32f4xx_hal.o
                              0xc88e5 (size before relaxing)
 .debug_str     0x000c8522      0x3b8 Drivers/STM32F4xx_HAL_Driver/Src/stm32f4xx_hal_cortex.o
                              0xc85d9 (size before relaxing)
 .debug_str     0x000c88da      0x154 Drivers/STM32F4xx_HAL_Driver/Src/stm32f4xx_hal_pwr_ex.o
                              0xc7ed7 (size before relaxing)
 .debug_str     0x000c8a2e      0x3e3 Drivers/STM32F4xx_HAL_Driver/Src/stm32f4xx_hal_rcc.o
                              0xc80e5 (size before relaxing)
 .debug_str     0x000c8e11      0x237 Src/gpio.o
                               0x76c8 (size before relaxing)
 .debug_str     0x000c9048      0xd1e Src/main.o
                              0xc923d (size before relaxing)
 .debug_str     0x000c9d66       0x35 Src/nvic.o
                               0x7551 (size before relaxing)
 .debug_str     0x000c9d9b       0x1b Src/stm32f4xx_hal_msp.o
                              0xc81ca (size before relaxing)
 .debug_str     0x000c9db6       0xe7 Src/stm32f4xx_it.o
                              0xc85e4 (size before relaxing)
 .debug_str     0x000c9e9d       0x5a Src/system_stm32f4xx.o
                              0xc7cd7 (size before relaxing)
 .debug_str     0x000c9ef7       0x3e Src/uart.o
                               0x7a3a (size before relaxing)
 .debug_str     0x000c9f35       0x30 startup/startup_stm32f429xx.o
                                 0x80 (size before relaxing)

.comment        0x00000000       0x7e
 .comment       0x00000000       0x7e Drivers/STM32F4xx_HAL_Driver/Src/stm32f4xx_hal.o
                                 0x7f (size before relaxing)
 .comment       0x0000007e       0x7f Drivers/STM32F4xx_HAL_Driver/Src/stm32f4xx_hal_cortex.o
 .comment       0x0000007e       0x7f Drivers/STM32F4xx_HAL_Driver/Src/stm32f4xx_hal_pwr_ex.o
 .comment       0x0000007e       0x7f Drivers/STM32F4xx_HAL_Driver/Src/stm32f4xx_hal_rcc.o
 .comment       0x0000007e       0x7f Src/gpio.o
 .comment       0x0000007e       0x7f Src/main.o
 .comment       0x0000007e       0x7f Src/nvic.o
 .comment       0x0000007e       0x7f Src/stm32f4xx_hal_msp.o
 .comment       0x0000007e       0x7f Src/stm32f4xx_it.o
 .comment       0x0000007e       0x7f Src/system_stm32f4xx.o
 .comment       0x0000007e       0x7f Src/uart.o

.debug_frame    0x00000000      0x8ec
 .debug_frame   0x00000000      0x1ec Drivers/STM32F4xx_HAL_Driver/Src/stm32f4xx_hal.o
 .debug_frame   0x000001ec      0x15c Drivers/STM32F4xx_HAL_Driver/Src/stm32f4xx_hal_cortex.o
 .debug_frame   0x00000348       0xec Drivers/STM32F4xx_HAL_Driver/Src/stm32f4xx_hal_pwr_ex.o
 .debug_frame   0x00000434      0x184 Drivers/STM32F4xx_HAL_Driver/Src/stm32f4xx_hal_rcc.o
 .debug_frame   0x000005b8       0x90 Src/gpio.o
 .debug_frame   0x00000648       0x80 Src/main.o
 .debug_frame   0x000006c8       0x20 Src/nvic.o
 .debug_frame   0x000006e8       0x30 Src/stm32f4xx_hal_msp.o
 .debug_frame   0x00000718       0xd8 Src/stm32f4xx_it.o
 .debug_frame   0x000007f0       0x30 Src/system_stm32f4xx.o
 .debug_frame   0x00000820       0x20 Src/uart.o
 .debug_frame   0x00000840       0x2c c:/ac6/systemworkbench/plugins/fr.ac6.mcu.externaltools.arm-none.win32_1.16.0.201807130628/tools/compiler/bin/../lib/gcc/arm-none-eabi/7.2.1/thumb/v7e-m/fpv4-sp/hard\libgcc.a(_aeabi_uldivmod.o)
 .debug_frame   0x0000086c       0x34 c:/ac6/systemworkbench/plugins/fr.ac6.mcu.externaltools.arm-none.win32_1.16.0.201807130628/tools/compiler/bin/../lib/gcc/arm-none-eabi/7.2.1/thumb/v7e-m/fpv4-sp/hard\libgcc.a(_udivmoddi4.o)
 .debug_frame   0x000008a0       0x2c c:/ac6/systemworkbench/plugins/fr.ac6.mcu.externaltools.arm-none.win32_1.16.0.201807130628/tools/compiler/bin/../lib/gcc/arm-none-eabi/7.2.1/../../../../arm-none-eabi/lib/thumb/v7e-m/fpv4-sp/hard\libc_nano.a(lib_a-init.o)
 .debug_frame   0x000008cc       0x20 c:/ac6/systemworkbench/plugins/fr.ac6.mcu.externaltools.arm-none.win32_1.16.0.201807130628/tools/compiler/bin/../lib/gcc/arm-none-eabi/7.2.1/../../../../arm-none-eabi/lib/thumb/v7e-m/fpv4-sp/hard\libc_nano.a(lib_a-strcmp.o)
